[live.themewild.com/hunter/index.html]
[backblue.gif]
[fade.gif]
[index.html]
[live.themewild.com/hunter/assets/img/logo/favicon.png]
[live.themewild.com/hunter/assets/css/bootstrap.min.css]
[live.themewild.com/hunter/assets/css/animate.min.css]
[live.themewild.com/hunter/assets/css/all-fontawesome.min.css]
[live.themewild.com/hunter/assets/css/owl.carousel.min.css]
[live.themewild.com/hunter/assets/css/magnific-popup.min.css]
[live.themewild.com/hunter/assets/css/jquery-ui.min.css]
[live.themewild.com/hunter/assets/css/nice-select.min.css]
[live.themewild.com/hunter/assets/css/style.css]
[live.themewild.com/hunter/index-2.html]
[live.themewild.com/hunter/assets/img/logo/logo.png]
[live.themewild.com/hunter/index-3.html]
[live.themewild.com/hunter/index-4.html]
[live.themewild.com/hunter/index-5.html]
[live.themewild.com/hunter/index-6.html]
[live.themewild.com/hunter/about.html]
[live.themewild.com/hunter/service.html]
[live.themewild.com/hunter/service-2.html]
[live.themewild.com/hunter/service-single.html]
[live.themewild.com/hunter/team.html]
[live.themewild.com/hunter/portfolio.html]
[live.themewild.com/hunter/portfolio-single.html]
[live.themewild.com/hunter/login.html]
[live.themewild.com/hunter/register.html]
[live.themewild.com/hunter/forgot-password.html]
[live.themewild.com/hunter/404.html]
[live.themewild.com/hunter/coming-soon.html]
[live.themewild.com/hunter/terms.html]
[live.themewild.com/hunter/privacy.html]
[live.themewild.com/hunter/destination.html]
[live.themewild.com/hunter/gallery.html]
[live.themewild.com/hunter/pricing.html]
[live.themewild.com/hunter/faq.html]
[live.themewild.com/hunter/testimonial.html]
[live.themewild.com/hunter/shop.html]
[live.themewild.com/hunter/shop-cart.html]
[live.themewild.com/hunter/shop-checkout.html]
[live.themewild.com/hunter/shop-single.html]
[live.themewild.com/hunter/blog.html]
[live.themewild.com/hunter/blog-single.html]
[live.themewild.com/hunter/contact.html]
[live.themewild.com/hunter/assets/img/shape/06.png]
[live.themewild.com/hunter/assets/img/hero/slider-1.jpg]
[live.themewild.com/hunter/assets/img/hero/slider-2.jpg]
[live.themewild.com/hunter/assets/img/hero/slider-3.jpg]
[live.themewild.com/hunter/assets/img/icon/hunter.svg]
[live.themewild.com/hunter/assets/img/icon/supply.svg]
[live.themewild.com/hunter/assets/img/icon/test.svg]
[live.themewild.com/hunter/assets/img/icon/pricing.svg]
[live.themewild.com/hunter/assets/img/about/01.jpg]
[live.themewild.com/hunter/assets/img/icon/hunter-2.svg]
[live.themewild.com/hunter/assets/img/service/01.jpg]
[live.themewild.com/hunter/assets/img/icon/bait.svg]
[live.themewild.com/hunter/assets/img/service/02.jpg]
[live.themewild.com/hunter/assets/img/icon/rifle.svg]
[live.themewild.com/hunter/assets/img/service/03.jpg]
[live.themewild.com/hunter/assets/img/icon/wild.svg]
[live.themewild.com/hunter/assets/img/service/04.jpg]
[live.themewild.com/hunter/assets/img/icon/mountain.svg]
[live.themewild.com/hunter/assets/img/service/05.jpg]
[live.themewild.com/hunter/assets/img/icon/fish.svg]
[live.themewild.com/hunter/assets/img/service/06.jpg]
[live.themewild.com/hunter/assets/img/icon/bow-2.svg]
[live.themewild.com/hunter/assets/img/portfolio/01.jpg]
[live.themewild.com/hunter/assets/img/portfolio/02.jpg]
[live.themewild.com/hunter/assets/img/portfolio/03.jpg]
[live.themewild.com/hunter/assets/img/portfolio/04.jpg]
[live.themewild.com/hunter/assets/img/portfolio/05.jpg]
[live.themewild.com/hunter/assets/img/portfolio/06.jpg]
[live.themewild.com/hunter/assets/img/icon/hunting.svg]
[live.themewild.com/hunter/assets/img/icon/rating.svg]
[live.themewild.com/hunter/assets/img/icon/award.svg]
[live.themewild.com/hunter/assets/img/choose/01.jpg]
[live.themewild.com/hunter/assets/img/team/01.jpg]
[live.themewild.com/hunter/assets/img/team/02.jpg]
[live.themewild.com/hunter/assets/img/team/03.jpg]
[live.themewild.com/hunter/assets/img/team/04.jpg]
[live.themewild.com/hunter/assets/img/cta/01.jpg]
[live.themewild.com/hunter/assets/img/icon/destination.svg]
[live.themewild.com/hunter/assets/img/icon/appointment.svg]
[live.themewild.com/hunter/assets/img/testimonial/01.jpg]
[live.themewild.com/hunter/assets/img/testimonial/02.jpg]
[live.themewild.com/hunter/assets/img/testimonial/03.jpg]
[live.themewild.com/hunter/assets/img/testimonial/04.jpg]
[live.themewild.com/hunter/assets/img/quote/01.jpg]
[live.themewild.com/hunter/assets/img/partner/01.png]
[live.themewild.com/hunter/assets/img/partner/02.png]
[live.themewild.com/hunter/assets/img/partner/03.png]
[live.themewild.com/hunter/assets/img/partner/04.png]
[live.themewild.com/hunter/assets/img/blog/01.jpg]
[live.themewild.com/hunter/assets/img/blog/02.jpg]
[live.themewild.com/hunter/assets/img/blog/03.jpg]
[live.themewild.com/hunter/assets/img/logo/logo-light.png]
[live.themewild.com/hunter/assets/js/jquery-3.6.0.min.js]
[live.themewild.com/hunter/assets/js/modernizr.min.js]
[live.themewild.com/hunter/assets/js/bootstrap.bundle.min.js]
[live.themewild.com/hunter/assets/js/imagesloaded.pkgd.min.js]
[live.themewild.com/hunter/assets/js/jquery.magnific-popup.min.js]
[live.themewild.com/hunter/assets/js/isotope.pkgd.min.js]
[live.themewild.com/hunter/assets/js/jquery.appear.min.js]
[live.themewild.com/hunter/assets/js/jquery.easing.min.js]
[live.themewild.com/hunter/assets/js/owl.carousel.min.js]
[live.themewild.com/hunter/assets/js/counter-up.js]
[live.themewild.com/hunter/assets/js/jquery-ui.min.js]
[live.themewild.com/hunter/assets/js/jquery.nice-select.min.js]
[live.themewild.com/hunter/assets/js/wow.min.js]
[live.themewild.com/hunter/assets/js/main.js]
[live.themewild.com/hunter/index.html]
[live.themewild.com/hunter/assets/css/bootstrap.min.css]
[live.themewild.com/hunter/assets/fonts/fa-brands-400.woff2]
[live.themewild.com/hunter/assets/fonts/fa-brands-400.ttf]
[live.themewild.com/hunter/assets/fonts/fa-duotone-900.woff2]
[live.themewild.com/hunter/assets/fonts/fa-duotone-900.ttf]
[live.themewild.com/hunter/assets/fonts/fa-light-300.woff2]
[live.themewild.com/hunter/assets/fonts/fa-light-300.ttf]
[live.themewild.com/hunter/assets/fonts/fa-regular-400.woff2]
[live.themewild.com/hunter/assets/fonts/fa-regular-400.ttf]
[live.themewild.com/hunter/assets/fonts/fa-solid-900.woff2]
[live.themewild.com/hunter/assets/fonts/fa-solid-900.ttf]
[live.themewild.com/hunter/assets/fonts/fa-thin-100.woff2]
[live.themewild.com/hunter/assets/fonts/fa-thin-100.ttf]
[live.themewild.com/hunter/assets/fonts/fa-v4compatibility.woff2]
[live.themewild.com/hunter/assets/fonts/fa-v4compatibility.ttf]
[live.themewild.com/hunter/assets/fonts/fa-sharp-light-300.woff2]
[live.themewild.com/hunter/assets/fonts/fa-sharp-regular-400.woff2]
[live.themewild.com/hunter/assets/fonts/fa-sharp-light-300.ttf]
[live.themewild.com/hunter/assets/css/all-fontawesome.min.css]
[live.themewild.com/hunter/assets/css/animate.min.css]
[live.themewild.com/hunter/assets/css/magnific-popup.min.css]
[live.themewild.com/hunter/assets/css/owl.carousel.min.css]
[live.themewild.com/hunter/assets/css/images/ui-icons_555555_256x240.png]
[live.themewild.com/hunter/assets/css/images/ui-icons_ffffff_256x240.png]
[live.themewild.com/hunter/assets/css/images/ui-icons_777620_256x240.png]
[live.themewild.com/hunter/assets/css/images/ui-icons_777777_256x240.png]
[live.themewild.com/hunter/assets/css/jquery-ui.min.css]
[live.themewild.com/hunter/assets/css/nice-select.min.css]
[live.themewild.com/hunter/assets/img/shape/01.png]
[live.themewild.com/hunter/assets/img/shape/02.png]
[live.themewild.com/hunter/assets/css/style.css]
[live.themewild.com/hunter/index-2.html]
[live.themewild.com/hunter/index-3.html]
[live.themewild.com/hunter/index-4.html]
[live.themewild.com/hunter/index-5.html]
[live.themewild.com/hunter/index-6.html]
[live.themewild.com/hunter/about.html]
[live.themewild.com/hunter/service.html]
[live.themewild.com/hunter/service-2.html]
[live.themewild.com/hunter/service-single.html]
[live.themewild.com/hunter/team.html]
[live.themewild.com/hunter/portfolio.html]
[live.themewild.com/hunter/portfolio-single.html]
[live.themewild.com/hunter/login.html]
[live.themewild.com/hunter/register.html]
[live.themewild.com/hunter/forgot-password.html]
[live.themewild.com/hunter/404.html]
[live.themewild.com/hunter/coming-soon.html]
[live.themewild.com/hunter/terms.html]
[live.themewild.com/hunter/privacy.html]
[live.themewild.com/hunter/destination.html]
[live.themewild.com/hunter/gallery.html]
[live.themewild.com/hunter/pricing.html]
[live.themewild.com/hunter/faq.html]
[live.themewild.com/hunter/testimonial.html]
[live.themewild.com/hunter/shop.html]
[live.themewild.com/hunter/shop-cart.html]
[live.themewild.com/hunter/shop-checkout.html]
[live.themewild.com/hunter/shop-single.html]
[live.themewild.com/hunter/blog.html]
[live.themewild.com/hunter/blog-single.html]
[live.themewild.com/hunter/contact.html]
[live.themewild.com/hunter/assets/img/icon/hunter.svg]
[live.themewild.com/hunter/assets/img/icon/supply.svg]
[live.themewild.com/hunter/assets/img/icon/test.svg]
[live.themewild.com/hunter/assets/img/icon/pricing.svg]
[live.themewild.com/hunter/assets/img/icon/hunter-2.svg]
[live.themewild.com/hunter/assets/img/icon/bait.svg]
[live.themewild.com/hunter/assets/img/icon/rifle.svg]
[live.themewild.com/hunter/assets/img/icon/wild.svg]
[live.themewild.com/hunter/assets/img/icon/mountain.svg]
[live.themewild.com/hunter/assets/img/icon/fish.svg]
[live.themewild.com/hunter/assets/img/icon/bow-2.svg]
[live.themewild.com/hunter/assets/img/icon/hunting.svg]
[live.themewild.com/hunter/assets/img/icon/rating.svg]
[live.themewild.com/hunter/assets/img/icon/award.svg]
[live.themewild.com/hunter/assets/img/icon/destination.svg]
[live.themewild.com/hunter/assets/img/icon/appointment.svg]
[live.themewild.com/hunter/assets/js/jquery-3.6.0.min.js]
[live.themewild.com/hunter/assets/js/modernizr.min.js]
[live.themewild.com/hunter/assets/js/bootstrap.bundle.min.js]
[live.themewild.com/hunter/assets/js/imagesloaded.pkgd.min.js]
[live.themewild.com/hunter/assets/js/jquery.magnific-popup.min.js]
[live.themewild.com/hunter/assets/js/isotope.pkgd.min.js]
[live.themewild.com/hunter/assets/js/jquery.appear.min.js]
[live.themewild.com/hunter/assets/js/jquery.easing.min.js]
[live.themewild.com/hunter/assets/js/owl.carousel.min.js]
[live.themewild.com/hunter/assets/js/counter-up.js]
[live.themewild.com/hunter/assets/js/jquery-ui.min.js]
[live.themewild.com/hunter/assets/js/jquery.nice-select.min.js]
[live.themewild.com/hunter/assets/js/wow.min.js]
[live.themewild.com/hunter/assets/js/main.js]
[live.themewild.com/hunter/assets/fonts/fa-sharp-regular-400.html]
[live.themewild.com/hunter/assets/fonts/fa-sharp-solid-900.html]
[live.themewild.com/hunter/assets/fonts/fa-sharp-solid-901.html]
[live.themewild.com/hunter/assets/css/owl.video.play.html]
[live.themewild.com/hunter/assets/css/images/ui-icons_444444_256x240.html]
[live.themewild.com/hunter/assets/css/images/ui-icons_555555_256x240.html]
[live.themewild.com/hunter/assets/css/images/ui-icons_ffffff_256x240.html]
[live.themewild.com/hunter/assets/css/images/ui-icons_777620_256x240.html]
[live.themewild.com/hunter/assets/css/images/ui-icons_cc0000_256x240.html]
[live.themewild.com/hunter/assets/css/images/ui-icons_777777_256x240.html]
[live.themewild.com/hunter/assets/img/shape/04.html]
[live.themewild.com/hunter/assets/img/shape/05.html]
[live.themewild.com/hunter/assets/img/shape/07.html]
[live.themewild.com/hunter/assets/img/hero/bg.html]
[live.themewild.com/hunter/assets/img/hero/01.html]
[live.themewild.com/hunter/assets/img/video/01.html]
[live.themewild.com/hunter/assets/img/breadcrumb/01.html]
[live.themewild.com/hunter/assets/img/service/07.html]
[live.themewild.com/hunter/assets/img/icon/hunting-2.html]
[live.themewild.com/hunter/assets/img/service/08.html]
[live.themewild.com/hunter/assets/img/icon/horse.html]
[live.themewild.com/hunter/assets/img/service/09.html]
[live.themewild.com/hunter/assets/img/icon/forest.html]
[live.themewild.com/hunter/assets/img/service/single.html]
[live.themewild.com/hunter/assets/img/portfolio/single.html]
[live.themewild.com/hunter/assets/img/error/404.html]
[live.themewild.com/hunter/assets/img/coming-soon/01.html]
[live.themewild.com/hunter/assets/js/countdown.min.html]
[live.themewild.com/hunter/assets/img/destination/01.html]
[live.themewild.com/hunter/assets/img/destination/02.html]
[live.themewild.com/hunter/assets/img/destination/03.html]
[live.themewild.com/hunter/assets/img/destination/04.html]
[live.themewild.com/hunter/assets/img/destination/05.html]
[live.themewild.com/hunter/assets/img/destination/06.html]
[live.themewild.com/hunter/assets/img/gallery/01.html]
[live.themewild.com/hunter/assets/img/gallery/02.html]
[live.themewild.com/hunter/assets/img/gallery/03.html]
[live.themewild.com/hunter/assets/img/gallery/04.html]
[live.themewild.com/hunter/assets/img/gallery/05.html]
[live.themewild.com/hunter/assets/img/gallery/06.html]
[live.themewild.com/hunter/assets/img/gallery/07.html]
[live.themewild.com/hunter/assets/img/gallery/08.html]
[live.themewild.com/hunter/assets/img/shop/banner.html]
[live.themewild.com/hunter/assets/img/shop/01.html]
[live.themewild.com/hunter/assets/img/shop/02.html]
[live.themewild.com/hunter/assets/img/shop/03.html]
[live.themewild.com/hunter/assets/img/shop/04.html]
[live.themewild.com/hunter/assets/img/shop/05.html]
[live.themewild.com/hunter/assets/img/shop/06.html]
[live.themewild.com/hunter/assets/img/shop/07.html]
[live.themewild.com/hunter/assets/img/shop/08.html]
[live.themewild.com/hunter/assets/img/shop/09.html]
[live.themewild.com/hunter/assets/css/flex-slider.min.html]
[live.themewild.com/hunter/assets/img/blog/com-1.html]
[live.themewild.com/hunter/assets/img/blog/com-2.html]
[live.themewild.com/hunter/assets/img/blog/com-3.html]
[live.themewild.com/hunter/assets/js/flex-slider.html]
[live.themewild.com/hunter/assets/img/blog/single.html]
[live.themewild.com/hunter/assets/img/blog/author.html]
[live.themewild.com/hunter/assets/img/blog/bs-1.html]
[live.themewild.com/hunter/assets/img/blog/bs-2.html]
[live.themewild.com/hunter/assets/img/blog/bs-3.html]
[live.themewild.com/hunter/assets/img/contact/01.html]
[live.themewild.com/hunter/assets/js/contact-form.html]
